// Jest Snapshot v1, https://goo.gl/fbAQLP

exports[`ItemOverviewComponent Deve desenhar o componente corretamente 1`] = `
<body>
  <div>
    <div
      class="sc-bczRLJ jCrKuC"
    >
      <img
        alt="Maçã"
        class="sc-gsnTZi dLiuVt"
        src="apple.png"
      />
      <p
        class="sc-dkzDqf cpOprJ"
      >
        Maçã
      </p>
      <p
        class="sc-dkzDqf cpOprJ"
      >
        <b>
          R$ 5,56
        </b>
        (
        R$ 5,56
         por 
        KG
        )
      </p>
      <div
        class="sc-eCYdqJ cWIIhL"
      >
        <button
          class="sc-jSMfEi fSwEsX"
        >
          <svg
            color="#8e8e93"
            fill="currentColor"
            height="20"
            stroke="currentColor"
            stroke-width="0"
            style="color: rgb(142, 142, 147);"
            viewBox="0 0 1024 1024"
            width="20"
            xmlns="http://www.w3.org/2000/svg"
          >
            <title>
              Remover
            </title>
            <path
              d="M512 64C264.6 64 64 264.6 64 512s200.6 448 448 448 448-200.6 448-448S759.4 64 512 64zm192 472c0 4.4-3.6 8-8 8H328c-4.4 0-8-3.6-8-8v-48c0-4.4 3.6-8 8-8h368c4.4 0 8 3.6 8 8v48z"
            />
          </svg>
        </button>
        <p
          class="sc-dkzDqf sc-hKMtZM cpOprJ jjQKFz"
        >
          1
           
          KG
        </p>
        <button
          class="sc-jSMfEi fSwEsX"
        >
          <svg
            color="#8e8e93"
            fill="currentColor"
            height="20"
            stroke="currentColor"
            stroke-width="0"
            style="color: rgb(142, 142, 147);"
            viewBox="0 0 1024 1024"
            width="20"
            xmlns="http://www.w3.org/2000/svg"
          >
            <title>
              Adicionar
            </title>
            <path
              d="M512 64C264.6 64 64 264.6 64 512s200.6 448 448 448 448-200.6 448-448S759.4 64 512 64zm192 472c0 4.4-3.6 8-8 8H544v152c0 4.4-3.6 8-8 8h-48c-4.4 0-8-3.6-8-8V544H328c-4.4 0-8-3.6-8-8v-48c0-4.4 3.6-8 8-8h152V328c0-4.4 3.6-8 8-8h48c4.4 0 8 3.6 8 8v152h152c4.4 0 8 3.6 8 8v48z"
            />
          </svg>
        </button>
      </div>
    </div>
  </div>
</body>
`;
